// Jest Snapshot v1, https://goo.gl/fbAQLP

exports[`Details page DeailsPage matched snapshot 1`] = `
<a
  href="/"
  onClick={[Function]}
>
  Back
</a>
`;
