// Jest Snapshot v1, https://goo.gl/fbAQLP

exports[`HomePage Homepage matched snapshot 1`] = `
<div>
  <h1>
    Air check
  </h1>
  <small
    id="error"
  >
    Â 
  </small>
  <button
    className="back"
    id="back"
    type="button"
  >
    back
  </button>
  <ul
    id="list"
  />
</div>
`;
